[2026-05-09T06:20:44Z] === ENRICH ITERATION 1 START | repo=rust-lang/futures-rs sha=6bb79373 ===
[2026-05-09T06:20:44Z] [iter=1] PHASE START: enrich repo=rust-lang/futures-rs sha=6bb79373 runlog=/home/runner/work/forx/forx/storage/aggregate/lsp/logs/6bb79373-enrich-iter-001.log output=/home/runner/work/forx/forx/storage/aggregate/lsp/6bb7937348f8fe777043c50b3062101f6275d88c.nq.gz
[2026-05-09T06:20:44Z] [iter=1] Step 1: Loading AST into disk-backed store mem_mb=77 MB
[2026-05-09T06:20:50Z] [iter=1] AST store loaded triples=550649 load_secs=6 mem_mb=783 MB
[2026-05-09T06:20:50Z] [iter=1] Step 2: Finding LSP targets mem_mb=783 MB
[2026-05-09T06:20:51Z] [iter=1] LSP targets found call_sites=4371 imports=277 extends=0 implements=363 secs=1
[2026-05-09T06:20:52Z] [iter=1] Step 2.7: Building position index (one-shot, shared across resolvers) mem_mb=783 MB
[2026-05-09T06:20:56Z] [iter=1] Position index built positions=37681 nodes_with_types=44947 secs=3 mem_mb=783 MB
[2026-05-09T06:20:56Z] [iter=1] Step 3: Starting LSP resolution mem_mb=783 MB already_completed_types=[] already_completed_files=0
[2026-05-09T06:20:56Z] [iter=1] Resolving target type target_type=call_site count=4371
[2026-05-09T06:21:58Z] [iter=1] HEARTBEAT target_type=call_site elapsed_min=1.2 files_done=3 resolved=125 errors=223 current=tests/sink.rs
[2026-05-09T06:23:16Z] [iter=1] HEARTBEAT target_type=call_site elapsed_min=2.5 files_done=6 resolved=356 errors=592 current=tests/unfold.rs
[2026-05-09T06:25:12Z] [iter=1] HEARTBEAT target_type=call_site elapsed_min=4.5 files_done=19 resolved=614 errors=1140 current=src/future/join_all.rs
[2026-05-09T06:25:47Z] [iter=1] HEARTBEAT target_type=call_site elapsed_min=5.0 files_done=22 resolved=700 errors=1307 current=src/unsync/mpsc.rs
[2026-05-09T06:26:17Z] [iter=1] HEARTBEAT target_type=call_site elapsed_min=5.5 files_done=25 resolved=779 errors=1451 current=src/future/mod.rs
[2026-05-09T06:26:48Z] [iter=1] HEARTBEAT target_type=call_site elapsed_min=6.1 files_done=37 resolved=1005 errors=1590 current=src/lib.rs
[2026-05-09T06:27:29Z] [iter=1] HEARTBEAT target_type=call_site elapsed_min=6.7 files_done=46 resolved=1173 errors=1779 current=tests/channel.rs
[2026-05-09T06:28:00Z] [iter=1] HEARTBEAT target_type=call_site elapsed_min=7.3 files_done=61 resolved=1316 errors=1923 current=src/stream/concat.rs
[2026-05-09T06:28:36Z] [iter=1] HEARTBEAT target_type=call_site elapsed_min=7.9 files_done=81 resolved=1482 errors=2093 current=src/stream/and_then.rs
[2026-05-09T06:28:59Z] [iter=1] Target type resolved target_type=call_site resolved=1651 errors=2196 secs=483 mem_mb=783 MB
[2026-05-09T06:28:59Z] [iter=1] Resolving target type target_type=import_statement count=277
[2026-05-09T06:29:06Z] [iter=1] HEARTBEAT target_type=import_statement elapsed_min=8.4 files_done=8 resolved=48 errors=0 current=src/stream/or_else.rs
[2026-05-09T06:29:11Z] [iter=1] Target type resolved target_type=import_statement resolved=200 errors=0 secs=12 mem_mb=783 MB
[2026-05-09T06:29:11Z] [iter=1] Resolving target type target_type=implements_clause count=363
[2026-05-09T06:29:22Z] [iter=1] Target type resolved target_type=implements_clause resolved=266 errors=0 secs=11 mem_mb=783 MB
[2026-05-09T06:29:35Z] [iter=1] Step 5: Writing final enrichment file triples=37957
[2026-05-09T06:29:36Z] [iter=1] Enrichment file written path=/home/runner/work/forx/forx/storage/aggregate/lsp/6bb7937348f8fe777043c50b3062101f6275d88c.nq.gz size_kb=698
[2026-05-09T06:29:36Z] [iter=1] PHASE END: enrich elapsed_s=531 elapsed_min=8.9 total_triples=37957
